Create React App (initialise empty react app inside current directory):
npx create-react-app

// Due to error message, the following code was used to install app
Source: Stackoverflow
https://stackoverflow.com/questions/70409883/you-are-running-create-react-app-4-0-3-which-is-behind-the-latest-release-5

C:\Users\lg\Desktop> npm uninstall -g create-react-app

up to date, audited 1 package in 216ms

found 0 vulnerabilities
C:\Users\lg\Desktop>npx clear-npx-cache
Need to install the following packages:
  clear-npx-cache
Ok to proceed? (y) y
C:\Users\lg\Desktop>npx create-react-app@5.0.0 reduxapp
Need to install the following packages:
  create-react-app@5.0.0
Ok to proceed? (y) y
npm WARN deprecated tar@2.2.2: This version of tar is no longer supported, and will not receive security updates. Please upgrade asap.
Error message: You are running `create-react-app` 4.0.3, which is behind the latest release (5.0.0). We no longer support global installation of Create React App

You are running `create-react-app` 4.0.3, which is behind the latest release (5.0.0).

We no longer support global installation of Create React App.

Please remove any global installs with one of the following commands:
- npm uninstall -g create-react-app
- yarn global remove create-react-app

The latest instructions for creating a new app can be found here:
https://create-react-app.dev/docs/getting-started/

C:\Users\lg\Desktop>npm i tar

up to date, audited 153 packages in 1s

6 packages are looking for funding
  run `npm fund` for details

3 high severity vulnerabilities

To address all issues (including breaking changes), run:
  npm audit fix --force

Run `npm audit` for details.
C:\Users\lg\Desktop>npx create-react-app@5.0.0 reduxapp

You are running `create-react-app` 4.0.3, which is behind the latest release (5.0.0).

We no longer support global installation of Create React App.

Please remove any global installs with one of the following commands:
- npm uninstall -g create-react-app
- yarn global remove create-react-app

The latest instructions for creating a new app can be found here:
https://create-react-app.dev/docs/getting-started/
//

In order to install some additional dependencies:
Some of the dependencies do not work with the latest version of reat (17.2).
Change the version of the react and react-dom in the package.json file.
Required to downgrade to the latest version of 16. 
npm i react@16.12.0


Install addition dependencies
npm i react@16.12.0 react-dom@16.12.0 @material-ui/core @material-ui/icons @material-ui/lab @speechly/react-client @speechly/react-ui chart.js react-chartjs-2 uuid
Breakdown:
npm i react@16.12.0 react-dom@16.12.0 Will backtrack the version
Then the dependencies will be installed
@materirial-ui/core @material-ui/icons @material-ui/lab Install the material UI dependencies
@speechly/react-client @speechly/rea-uct-ui Install speechly for voice recognition
chart.js react-chartjs-2 uuid Chart and react components for charts and unique ids

Deleted src folder and created new one for folder structure and management 
